// Jest Snapshot v1, https://goo.gl/fbAQLP

exports[`expected to render Camera Component 1`] = `ShallowWrapper {}`;
