// Jest Snapshot v1, https://goo.gl/fbAQLP

exports[`expected to render FilteredCameras Component 1`] = `ShallowWrapper {}`;
