// Jest Snapshot v1, https://goo.gl/fbAQLP

exports[`expected to render SearchBox Component 1`] = `ShallowWrapper {}`;
