// Jest Snapshot v1, https://goo.gl/fbAQLP

exports[`expected to render Cameras Component 1`] = `ShallowWrapper {}`;
